[["Nume","Punctaj Exam"],["Kinsley Miles","0.13"],["Allison Max","0.27"],["Jacob Scarlett","0.53"],["James Everly","0.67"],["Naomi Aaron","0.67"],["Thomas Stella","0.8"],["Matthew Lila","0.9"],["Adeline Theo","1.6700001"],["Christian Lelani","1.6700001"],["Emilia Isaac","1.6700001"],["Grayson Isabella","1.6700001"],["Isaac Emilia","1.6700001"],["Delilah Andrew","1.78"],["Aiden Emma","1.8"],["Asher Maya","1.9200001"],["Oliver Aaliyah","1.9300001"],["Zoe Mason","1.9300001"],["Luna Michael","2.03"],["Aubrey Owen","2.17"],["Lillian Christopher","2.17"],["Ellie Julian","2.18"],["Isaiah Madelyn","2.18"],["Maria Axel","2.28"],["Lily Luca","2.3200002"],["Lelani Christian","2.4"],["Elizabeth Nathan","2.55"],["Emma Aiden","2.55"],["Addison Joseph","2.63"],["Madelyn Isaiah","2.65"],["Camilla Carter","2.67"],["Claire Evan","2.67"],["Savannah Amir","2.67"],["William Madison","2.67"],["Cameron Peyton","2.68"],["Joseph Addison","2.68"],["Aaliyah Oliver","2.7"],["Daniel Chloe","2.78"],["Avery Benjamin","2.8"],["Caleb Nova","2.8"],["Ian Brooklyn","2.8"],["Victoria Connor","2.8"],["Charlie Henry","2.9"],["Levi Gianna","2.9"],["Adrian Eleanor","2.92"],["Anthony Raelynn","2.92"],["Isabelle Xavier","2.92"],["Connor Victoria","2.93"],["Hudson Anna","2.93"],["Landon Skyler","2.93"],["Mateo Mia","2.93"],["Olivia Noah","2.93"],["Ethan Eliana","2.95"],["Lucy Dylan","3.03"],["Kai Violet","3.05"],["Liliana Easton","3.05"],["Aria Lucas","3.0700002"],["Grace Eli","3.0700002"],["Bella Nolan","3.17"],["Ezra Paisley","3.17"],["Joshua Kennedy","3.17"],["Kennedy Joshua","3.17"],["Madison William","3.17"],["Benjamin Avery","3.18"],["Cora Brayden","3.18"],["Aurora Luke","3.2"],["Zane Kaylee","3.2"],["Anna Hudson","3.28"],["Hannah Carson","3.28"],["Adalyn Josiah","3.3"],["Gabriel Emily","3.3"],["Mackenzie John","3.3"],["Layla Muhammad","3.3200002"],["Amelia Caden","3.42"],["Colton Ariana","3.43"],["Eva Santiago","3.47"],["Ryan Nora","3.5"],["Maya Asher","3.53"],["Sebastian Mila","3.53"],["Adam Callie","3.55"],["Alexander Ella","3.5700002"],["Nicholas Hazel","3.5700002"],["Paisley Ezra","3.5700002"],["Stella Thomas","3.5700002"],["Easton Liliana","3.63"],["Elias Hailey","3.67"],["Hazel Nicholas","3.67"],["Jackson Riley","3.67"],["Peyton Cameron","3.67"],["Kaylee Zane","3.68"],["Luke Aurora","3.68"],["Muhammad Layla","3.68"],["Scarlett Jacob","3.68"],["Xavier Isabelle","3.68"],["Evelyn Logan","3.7"],["Jack Leah","3.7"],["Julian Ellie","3.7"],["Mila Sebastian","3.7"],["Violet Kai","3.73"],["Willow Roman","3.8"],["Alaina Zion","3.8200002"],["Gianna Levi","3.8200002"],["Jasmine Elliot","3.8200002"],["Mason Zoe","3.8200002"],["Callie Adam","3.85"],["Hailey Elias","3.93"],["Lila Matthew","3.93"],["Logan Evelyn","3.93"],["Penelope Maverick","3.93"],["Eli Grace","3.95"],["Emery David","3.95"],["Riley Jackson","3.95"],["Sophie Theodore","3.95"],["Owen Aubrey","4.0"],["Elena Lincoln","4.07"],["Gabriella Dominic","4.07"],["Liam Sophia","4.07"],["Anaya Malachi","4.08"],["Audrey Cooper","4.08"],["Samuel Sarah","4.2"],["Aaron Naomi","4.2200003"],["London Damian","4.2200003"],["Charlotte Jayden","4.27"],["Noah Olivia","4.33"],["Ella Alexander","4.4"],["Emily Gabriel","4.4700003"],["Abigail Wyatt","4.5"],["Natalie Ezekiel","4.5299997"],["Caden Amelia","4.6"],["Michael Luna","4.73"],["David Emery","5.0"],["Luca Lily","5.0"],["Raelynn Anthony","5.0"]]